Archive member included to satisfy reference by file (symbol)

/opt/st/stm32cubeide_1.5.1/plugins/com.st.stm32cube.ide.mcu.externaltools.gnu-tools-for-stm32.7-2018-q2-update.linux64_1.5.0.202011040924/tools/bin/../lib/gcc/arm-none-eabi/7.3.1/../../../../arm-none-eabi/lib/thumb/v7e-m/fpv4-sp/hard/libc_nano.a(lib_a-errno.o)
                              Core/Src/syscalls.o (__errno)
/opt/st/stm32cubeide_1.5.1/plugins/com.st.stm32cube.ide.mcu.externaltools.gnu-tools-for-stm32.7-2018-q2-update.linux64_1.5.0.202011040924/tools/bin/../lib/gcc/arm-none-eabi/7.3.1/../../../../arm-none-eabi/lib/thumb/v7e-m/fpv4-sp/hard/libc_nano.a(lib_a-exit.o)
                              /opt/st/stm32cubeide_1.5.1/plugins/com.st.stm32cube.ide.mcu.externaltools.gnu-tools-for-stm32.7-2018-q2-update.linux64_1.5.0.202011040924/tools/bin/../lib/gcc/arm-none-eabi/7.3.1/../../../../arm-none-eabi/lib/thumb/v7e-m/fpv4-sp/hard/crt0.o (exit)
/opt/st/stm32cubeide_1.5.1/plugins/com.st.stm32cube.ide.mcu.externaltools.gnu-tools-for-stm32.7-2018-q2-update.linux64_1.5.0.202011040924/tools/bin/../lib/gcc/arm-none-eabi/7.3.1/../../../../arm-none-eabi/lib/thumb/v7e-m/fpv4-sp/hard/libc_nano.a(lib_a-impure.o)
                              /opt/st/stm32cubeide_1.5.1/plugins/com.st.stm32cube.ide.mcu.externaltools.gnu-tools-for-stm32.7-2018-q2-update.linux64_1.5.0.202011040924/tools/bin/../lib/gcc/arm-none-eabi/7.3.1/../../../../arm-none-eabi/lib/thumb/v7e-m/fpv4-sp/hard/libc_nano.a(lib_a-exit.o) (_global_impure_ptr)
/opt/st/stm32cubeide_1.5.1/plugins/com.st.stm32cube.ide.mcu.externaltools.gnu-tools-for-stm32.7-2018-q2-update.linux64_1.5.0.202011040924/tools/bin/../lib/gcc/arm-none-eabi/7.3.1/../../../../arm-none-eabi/lib/thumb/v7e-m/fpv4-sp/hard/libc_nano.a(lib_a-init.o)
                              /opt/st/stm32cubeide_1.5.1/plugins/com.st.stm32cube.ide.mcu.externaltools.gnu-tools-for-stm32.7-2018-q2-update.linux64_1.5.0.202011040924/tools/bin/../lib/gcc/arm-none-eabi/7.3.1/../../../../arm-none-eabi/lib/thumb/v7e-m/fpv4-sp/hard/crt0.o (__libc_init_array)
/opt/st/stm32cubeide_1.5.1/plugins/com.st.stm32cube.ide.mcu.externaltools.gnu-tools-for-stm32.7-2018-q2-update.linux64_1.5.0.202011040924/tools/bin/../lib/gcc/arm-none-eabi/7.3.1/../../../../arm-none-eabi/lib/thumb/v7e-m/fpv4-sp/hard/libc_nano.a(lib_a-memcpy-stub.o)
                              Middlewares/Third_Party/FreeRTOS/Source/queue.o (memcpy)
/opt/st/stm32cubeide_1.5.1/plugins/com.st.stm32cube.ide.mcu.externaltools.gnu-tools-for-stm32.7-2018-q2-update.linux64_1.5.0.202011040924/tools/bin/../lib/gcc/arm-none-eabi/7.3.1/../../../../arm-none-eabi/lib/thumb/v7e-m/fpv4-sp/hard/libc_nano.a(lib_a-memset.o)
                              /opt/st/stm32cubeide_1.5.1/plugins/com.st.stm32cube.ide.mcu.externaltools.gnu-tools-for-stm32.7-2018-q2-update.linux64_1.5.0.202011040924/tools/bin/../lib/gcc/arm-none-eabi/7.3.1/../../../../arm-none-eabi/lib/thumb/v7e-m/fpv4-sp/hard/crt0.o (memset)
/opt/st/stm32cubeide_1.5.1/plugins/com.st.stm32cube.ide.mcu.externaltools.gnu-tools-for-stm32.7-2018-q2-update.linux64_1.5.0.202011040924/tools/bin/../lib/gcc/arm-none-eabi/7.3.1/thumb/v7e-m/fpv4-sp/hard/libgcc.a(_aeabi_uldivmod.o)
                              Drivers/STM32F4xx_HAL_Driver/Src/stm32f4xx_hal_rcc.o (__aeabi_uldivmod)
/opt/st/stm32cubeide_1.5.1/plugins/com.st.stm32cube.ide.mcu.externaltools.gnu-tools-for-stm32.7-2018-q2-update.linux64_1.5.0.202011040924/tools/bin/../lib/gcc/arm-none-eabi/7.3.1/thumb/v7e-m/fpv4-sp/hard/libgcc.a(_udivmoddi4.o)
                              /opt/st/stm32cubeide_1.5.1/plugins/com.st.stm32cube.ide.mcu.externaltools.gnu-tools-for-stm32.7-2018-q2-update.linux64_1.5.0.202011040924/tools/bin/../lib/gcc/arm-none-eabi/7.3.1/thumb/v7e-m/fpv4-sp/hard/libgcc.a(_aeabi_uldivmod.o) (__udivmoddi4)
/opt/st/stm32cubeide_1.5.1/plugins/com.st.stm32cube.ide.mcu.externaltools.gnu-tools-for-stm32.7-2018-q2-update.linux64_1.5.0.202011040924/tools/bin/../lib/gcc/arm-none-eabi/7.3.1/thumb/v7e-m/fpv4-sp/hard/libgcc.a(_dvmd_tls.o)
                              /opt/st/stm32cubeide_1.5.1/plugins/com.st.stm32cube.ide.mcu.externaltools.gnu-tools-for-stm32.7-2018-q2-update.linux64_1.5.0.202011040924/tools/bin/../lib/gcc/arm-none-eabi/7.3.1/thumb/v7e-m/fpv4-sp/hard/libgcc.a(_aeabi_uldivmod.o) (__aeabi_ldiv0)

Allocating common symbols
Common symbol       size              file

LEDTaskHandle       0x4               Core/Src/main.o
uwTick              0x4               Drivers/STM32F4xx_HAL_Driver/Src/stm32f4xx_hal.o
xQueueRegistry      0x40              Middlewares/Third_Party/FreeRTOS/Source/queue.o
pFlash              0x20              Drivers/STM32F4xx_HAL_Driver/Src/stm32f4xx_hal_flash.o
LBtnTaskHandle      0x4               Core/Src/main.o
htim6               0x40              Core/Src/stm32f4xx_hal_timebase_tim.o
myQueue01Handle     0x4               Core/Src/main.o

Discarded input sections

[...]
Memory Configuration

Name             Origin             Length             Attributes
CCMRAM           0x0000000010000000 0x0000000000010000 xrw
RAM              0x0000000020000000 0x0000000000020000 xrw
FLASH            0x0000000008000000 0x0000000000100000 xr
*default*        0x0000000000000000 0xffffffffffffffff

Linker script and memory map

LOAD /opt/st/stm32cubeide_1.5.1/plugins/com.st.stm32cube.ide.mcu.externaltools.gnu-tools-for-stm32.7-2018-q2-update.linux64_1.5.0.202011040924/tools/bin/../lib/gcc/arm-none-eabi/7.3.1/thumb/v7e-m/fpv4-sp/hard/crti.o
LOAD /opt/st/stm32cubeide_1.5.1/plugins/com.st.stm32cube.ide.mcu.externaltools.gnu-tools-for-stm32.7-2018-q2-update.linux64_1.5.0.202011040924/tools/bin/../lib/gcc/arm-none-eabi/7.3.1/thumb/v7e-m/fpv4-sp/hard/crtbegin.o
LOAD /opt/st/stm32cubeide_1.5.1/plugins/com.st.stm32cube.ide.mcu.externaltools.gnu-tools-for-stm32.7-2018-q2-update.linux64_1.5.0.202011040924/tools/bin/../lib/gcc/arm-none-eabi/7.3.1/../../../../arm-none-eabi/lib/thumb/v7e-m/fpv4-sp/hard/crt0.o
LOAD Core/Src/freertos.o
LOAD Core/Src/main.o
LOAD Core/Src/stm32f4xx_hal_msp.o
LOAD Core/Src/stm32f4xx_hal_timebase_tim.o
LOAD Core/Src/stm32f4xx_it.o
LOAD Core/Src/syscalls.o
LOAD Core/Src/sysmem.o
LOAD Core/Src/system_stm32f4xx.o
LOAD Core/Startup/startup_stm32f407vgtx.o
LOAD Drivers/STM32F4xx_HAL_Driver/Src/stm32f4xx_hal.o
LOAD Drivers/STM32F4xx_HAL_Driver/Src/stm32f4xx_hal_cortex.o
LOAD Drivers/STM32F4xx_HAL_Driver/Src/stm32f4xx_hal_dma.o
LOAD Drivers/STM32F4xx_HAL_Driver/Src/stm32f4xx_hal_dma_ex.o
LOAD Drivers/STM32F4xx_HAL_Driver/Src/stm32f4xx_hal_exti.o
LOAD Drivers/STM32F4xx_HAL_Driver/Src/stm32f4xx_hal_flash.o
LOAD Drivers/STM32F4xx_HAL_Driver/Src/stm32f4xx_hal_flash_ex.o
LOAD Drivers/STM32F4xx_HAL_Driver/Src/stm32f4xx_hal_flash_ramfunc.o
LOAD Drivers/STM32F4xx_HAL_Driver/Src/stm32f4xx_hal_gpio.o
LOAD Drivers/STM32F4xx_HAL_Driver/Src/stm32f4xx_hal_pwr.o
LOAD Drivers/STM32F4xx_HAL_Driver/Src/stm32f4xx_hal_pwr_ex.o
LOAD Drivers/STM32F4xx_HAL_Driver/Src/stm32f4xx_hal_rcc.o
LOAD Drivers/STM32F4xx_HAL_Driver/Src/stm32f4xx_hal_rcc_ex.o
LOAD Drivers/STM32F4xx_HAL_Driver/Src/stm32f4xx_hal_tim.o
LOAD Drivers/STM32F4xx_HAL_Driver/Src/stm32f4xx_hal_tim_ex.o
LOAD Middlewares/Third_Party/FreeRTOS/Source/CMSIS_RTOS/cmsis_os.o
LOAD Middlewares/Third_Party/FreeRTOS/Source/croutine.o
LOAD Middlewares/Third_Party/FreeRTOS/Source/event_groups.o
LOAD Middlewares/Third_Party/FreeRTOS/Source/list.o
LOAD Middlewares/Third_Party/FreeRTOS/Source/queue.o
LOAD Middlewares/Third_Party/FreeRTOS/Source/stream_buffer.o
LOAD Middlewares/Third_Party/FreeRTOS/Source/tasks.o
LOAD Middlewares/Third_Party/FreeRTOS/Source/timers.o
LOAD Middlewares/Third_Party/FreeRTOS/Source/portable/GCC/ARM_CM4F/port.o
LOAD Middlewares/Third_Party/FreeRTOS/Source/portable/MemMang/heap_4.o
START GROUP
LOAD /opt/st/stm32cubeide_1.5.1/plugins/com.st.stm32cube.ide.mcu.externaltools.gnu-tools-for-stm32.7-2018-q2-update.linux64_1.5.0.202011040924/tools/bin/../lib/gcc/arm-none-eabi/7.3.1/../../../../arm-none-eabi/lib/thumb/v7e-m/fpv4-sp/hard/libc_nano.a
LOAD /opt/st/stm32cubeide_1.5.1/plugins/com.st.stm32cube.ide.mcu.externaltools.gnu-tools-for-stm32.7-2018-q2-update.linux64_1.5.0.202011040924/tools/bin/../lib/gcc/arm-none-eabi/7.3.1/../../../../arm-none-eabi/lib/thumb/v7e-m/fpv4-sp/hard/libm.a
END GROUP
START GROUP
LOAD /opt/st/stm32cubeide_1.5.1/plugins/com.st.stm32cube.ide.mcu.externaltools.gnu-tools-for-stm32.7-2018-q2-update.linux64_1.5.0.202011040924/tools/bin/../lib/gcc/arm-none-eabi/7.3.1/thumb/v7e-m/fpv4-sp/hard/libgcc.a
LOAD /opt/st/stm32cubeide_1.5.1/plugins/com.st.stm32cube.ide.mcu.externaltools.gnu-tools-for-stm32.7-2018-q2-update.linux64_1.5.0.202011040924/tools/bin/../lib/gcc/arm-none-eabi/7.3.1/../../../../arm-none-eabi/lib/thumb/v7e-m/fpv4-sp/hard/libc_nano.a
END GROUP
START GROUP
LOAD /opt/st/stm32cubeide_1.5.1/plugins/com.st.stm32cube.ide.mcu.externaltools.gnu-tools-for-stm32.7-2018-q2-update.linux64_1.5.0.202011040924/tools/bin/../lib/gcc/arm-none-eabi/7.3.1/thumb/v7e-m/fpv4-sp/hard/libgcc.a
LOAD /opt/st/stm32cubeide_1.5.1/plugins/com.st.stm32cube.ide.mcu.externaltools.gnu-tools-for-stm32.7-2018-q2-update.linux64_1.5.0.202011040924/tools/bin/../lib/gcc/arm-none-eabi/7.3.1/../../../../arm-none-eabi/lib/thumb/v7e-m/fpv4-sp/hard/libc_nano.a
LOAD /opt/st/stm32cubeide_1.5.1/plugins/com.st.stm32cube.ide.mcu.externaltools.gnu-tools-for-stm32.7-2018-q2-update.linux64_1.5.0.202011040924/tools/bin/../lib/gcc/arm-none-eabi/7.3.1/../../../../arm-none-eabi/lib/thumb/v7e-m/fpv4-sp/hard/libnosys.a
END GROUP
START GROUP
LOAD /opt/st/stm32cubeide_1.5.1/plugins/com.st.stm32cube.ide.mcu.externaltools.gnu-tools-for-stm32.7-2018-q2-update.linux64_1.5.0.202011040924/tools/bin/../lib/gcc/arm-none-eabi/7.3.1/thumb/v7e-m/fpv4-sp/hard/libgcc.a
LOAD /opt/st/stm32cubeide_1.5.1/plugins/com.st.stm32cube.ide.mcu.externaltools.gnu-tools-for-stm32.7-2018-q2-update.linux64_1.5.0.202011040924/tools/bin/../lib/gcc/arm-none-eabi/7.3.1/../../../../arm-none-eabi/lib/thumb/v7e-m/fpv4-sp/hard/libc_nano.a
LOAD /opt/st/stm32cubeide_1.5.1/plugins/com.st.stm32cube.ide.mcu.externaltools.gnu-tools-for-stm32.7-2018-q2-update.linux64_1.5.0.202011040924/tools/bin/../lib/gcc/arm-none-eabi/7.3.1/../../../../arm-none-eabi/lib/thumb/v7e-m/fpv4-sp/hard/libnosys.a
END GROUP
LOAD /opt/st/stm32cubeide_1.5.1/plugins/com.st.stm32cube.ide.mcu.externaltools.gnu-tools-for-stm32.7-2018-q2-update.linux64_1.5.0.202011040924/tools/bin/../lib/gcc/arm-none-eabi/7.3.1/thumb/v7e-m/fpv4-sp/hard/crtend.o
LOAD /opt/st/stm32cubeide_1.5.1/plugins/com.st.stm32cube.ide.mcu.externaltools.gnu-tools-for-stm32.7-2018-q2-update.linux64_1.5.0.202011040924/tools/bin/../lib/gcc/arm-none-eabi/7.3.1/thumb/v7e-m/fpv4-sp/hard/crtn.o
                0x0000000020020000                _estack = (ORIGIN (RAM) + LENGTH (RAM))
                0x0000000000000200                _Min_Heap_Size = 0x200
                0x0000000000000400                _Min_Stack_Size = 0x400

.isr_vector     0x0000000008000000      0x188
                0x0000000008000000                . = ALIGN (0x4)
 *(.isr_vector)
 .isr_vector    0x0000000008000000      0x188 Core/Startup/startup_stm32f407vgtx.o
                0x0000000008000000                g_pfnVectors
                0x0000000008000188                . = ALIGN (0x4)

.text           0x0000000008000190     0x40d4
                0x0000000008000190                . = ALIGN (0x4)
 *(.text)
 .text          0x0000000008000190       0x40 /opt/st/stm32cubeide_1.5.1/plugins/com.st.stm32cube.ide.mcu.externaltools.gnu-tools-for-stm32.7-2018-q2-update.linux64_1.5.0.202011040924/tools/bin/../lib/gcc/arm-none-eabi/7.3.1/thumb/v7e-m/fpv4-sp/hard/crtbegin.o
 .text          0x00000000080001d0       0x30 /opt/st/stm32cubeide_1.5.1/plugins/com.st.stm32cube.ide.mcu.externaltools.gnu-tools-for-stm32.7-2018-q2-update.linux64_1.5.0.202011040924/tools/bin/../lib/gcc/arm-none-eabi/7.3.1/thumb/v7e-m/fpv4-sp/hard/libgcc.a(_aeabi_uldivmod.o)
                0x00000000080001d0                __aeabi_uldivmod
 .text          0x0000000008000200      0x2cc /opt/st/stm32cubeide_1.5.1/plugins/com.st.stm32cube.ide.mcu.externaltools.gnu-tools-for-stm32.7-2018-q2-update.linux64_1.5.0.202011040924/tools/bin/../lib/gcc/arm-none-eabi/7.3.1/thumb/v7e-m/fpv4-sp/hard/libgcc.a(_udivmoddi4.o)
                0x0000000008000200                __udivmoddi4
 .text          0x00000000080004cc        0x4 /opt/st/stm32cubeide_1.5.1/plugins/com.st.stm32cube.ide.mcu.externaltools.gnu-tools-for-stm32.7-2018-q2-update.linux64_1.5.0.202011040924/tools/bin/../lib/gcc/arm-none-eabi/7.3.1/thumb/v7e-m/fpv4-sp/hard/libgcc.a(_dvmd_tls.o)
                0x00000000080004cc                __aeabi_ldiv0
                0x00000000080004cc                __aeabi_idiv0
 *(.text*)
 .text.vApplicationGetIdleTaskMemory
                0x00000000080004d0       0x34 Core/Src/freertos.o
                0x00000000080004d0                vApplicationGetIdleTaskMemory
 .text.main     0x0000000008000504       0x98 Core/Src/main.o
                0x0000000008000504                main
 .text.SystemClock_Config
                0x000000000800059c       0xbc Core/Src/main.o
                0x000000000800059c                SystemClock_Config
 .text.MX_GPIO_Init
                0x0000000008000658       0xc0 Core/Src/main.o
 .text.LEDTask_App
                0x0000000008000718      0x1a0 Core/Src/main.o
                0x0000000008000718                LEDTask_App
 .text.LBtnTask_App
                0x00000000080008b8       0x58 Core/Src/main.o
                0x00000000080008b8                LBtnTask_App
 .text.HAL_TIM_PeriodElapsedCallback
                0x0000000008000910       0x24 Core/Src/main.o
                0x0000000008000910                HAL_TIM_PeriodElapsedCallback
 .text.Error_Handler
                0x0000000008000934        0x8 Core/Src/main.o
                0x0000000008000934                Error_Handler
 .text.HAL_MspInit
                0x000000000800093c       0x58 Core/Src/stm32f4xx_hal_msp.o
                0x000000000800093c                HAL_MspInit
 .text.HAL_InitTick
                0x0000000008000994       0xb0 Core/Src/stm32f4xx_hal_timebase_tim.o
                0x0000000008000994                HAL_InitTick
 .text.NMI_Handler
                0x0000000008000a44        0x6 Core/Src/stm32f4xx_it.o
                0x0000000008000a44                NMI_Handler
 .text.HardFault_Handler
                0x0000000008000a4a        0x6 Core/Src/stm32f4xx_it.o
                0x0000000008000a4a                HardFault_Handler
 .text.MemManage_Handler
                0x0000000008000a50        0x6 Core/Src/stm32f4xx_it.o
                0x0000000008000a50                MemManage_Handler
 .text.BusFault_Handler
                0x0000000008000a56        0x6 Core/Src/stm32f4xx_it.o
                0x0000000008000a56                BusFault_Handler
 .text.UsageFault_Handler
                0x0000000008000a5c        0x6 Core/Src/stm32f4xx_it.o
                0x0000000008000a5c                UsageFault_Handler
 .text.DebugMon_Handler
                0x0000000008000a62        0xe Core/Src/stm32f4xx_it.o
                0x0000000008000a62                DebugMon_Handler
 .text.TIM6_DAC_IRQHandler
                0x0000000008000a70       0x14 Core/Src/stm32f4xx_it.o
                0x0000000008000a70                TIM6_DAC_IRQHandler
 .text.SystemInit
                0x0000000008000a84       0x2c Core/Src/system_stm32f4xx.o
                0x0000000008000a84                SystemInit
 .text.Reset_Handler
                0x0000000008000ab0       0x50 Core/Startup/startup_stm32f407vgtx.o
                0x0000000008000ab0                Reset_Handler
 .text.Default_Handler
                0x0000000008000b00        0x2 Core/Startup/startup_stm32f407vgtx.o
                0x0000000008000b00                RTC_Alarm_IRQHandler
                0x0000000008000b00                HASH_RNG_IRQHandler
                0x0000000008000b00                EXTI2_IRQHandler
                0x0000000008000b00                TIM8_CC_IRQHandler
                0x0000000008000b00                TIM1_CC_IRQHandler
                0x0000000008000b00                DMA2_Stream5_IRQHandler
                0x0000000008000b00                DMA1_Stream5_IRQHandler
                0x0000000008000b00                PVD_IRQHandler
                0x0000000008000b00                SDIO_IRQHandler
                0x0000000008000b00                TAMP_STAMP_IRQHandler
                0x0000000008000b00                CAN2_RX1_IRQHandler
                0x0000000008000b00                EXTI3_IRQHandler
                0x0000000008000b00                TIM8_TRG_COM_TIM14_IRQHandler
                0x0000000008000b00                TIM1_UP_TIM10_IRQHandler
                0x0000000008000b00                TIM8_UP_TIM13_IRQHandler
                0x0000000008000b00                I2C3_ER_IRQHandler
                0x0000000008000b00                EXTI0_IRQHandler
                0x0000000008000b00                I2C2_EV_IRQHandler
                0x0000000008000b00                DMA1_Stream2_IRQHandler
                0x0000000008000b00                CAN1_RX0_IRQHandler
                0x0000000008000b00                FPU_IRQHandler
                0x0000000008000b00                OTG_HS_WKUP_IRQHandler
                0x0000000008000b00                CAN2_SCE_IRQHandler
                0x0000000008000b00                DMA2_Stream2_IRQHandler
                0x0000000008000b00                SPI1_IRQHandler
                0x0000000008000b00                TIM1_BRK_TIM9_IRQHandler
                0x0000000008000b00                DCMI_IRQHandler
                0x0000000008000b00                CAN2_RX0_IRQHandler
                0x0000000008000b00                DMA2_Stream3_IRQHandler
                0x0000000008000b00                USART6_IRQHandler
                0x0000000008000b00                USART3_IRQHandler
                0x0000000008000b00                CAN1_RX1_IRQHandler
                0x0000000008000b00                UART5_IRQHandler
                0x0000000008000b00                DMA2_Stream0_IRQHandler
                0x0000000008000b00                TIM4_IRQHandler
                0x0000000008000b00                I2C1_EV_IRQHandler
                0x0000000008000b00                DMA1_Stream6_IRQHandler
                0x0000000008000b00                DMA1_Stream1_IRQHandler
                0x0000000008000b00                UART4_IRQHandler
                0x0000000008000b00                TIM3_IRQHandler
                0x0000000008000b00                RCC_IRQHandler
                0x0000000008000b00                TIM8_BRK_TIM12_IRQHandler
                0x0000000008000b00                Default_Handler
                0x0000000008000b00                EXTI15_10_IRQHandler
                0x0000000008000b00                ADC_IRQHandler
                0x0000000008000b00                DMA1_Stream7_IRQHandler
                0x0000000008000b00                TIM7_IRQHandler
                0x0000000008000b00                CAN2_TX_IRQHandler
                0x0000000008000b00                TIM5_IRQHandler
                0x0000000008000b00                DMA2_Stream7_IRQHandler
                0x0000000008000b00                I2C3_EV_IRQHandler
                0x0000000008000b00                EXTI9_5_IRQHandler
                0x0000000008000b00                RTC_WKUP_IRQHandler
                0x0000000008000b00                ETH_WKUP_IRQHandler
                0x0000000008000b00                SPI2_IRQHandler
                0x0000000008000b00                OTG_HS_EP1_IN_IRQHandler
                0x0000000008000b00                DMA1_Stream0_IRQHandler
                0x0000000008000b00                CAN1_TX_IRQHandler
                0x0000000008000b00                EXTI4_IRQHandler
                0x0000000008000b00                FSMC_IRQHandler
                0x0000000008000b00                ETH_IRQHandler
                0x0000000008000b00                OTG_HS_EP1_OUT_IRQHandler
                0x0000000008000b00                WWDG_IRQHandler
                0x0000000008000b00                TIM2_IRQHandler
                0x0000000008000b00                OTG_FS_WKUP_IRQHandler
                0x0000000008000b00                TIM1_TRG_COM_TIM11_IRQHandler
                0x0000000008000b00                OTG_HS_IRQHandler
                0x0000000008000b00                EXTI1_IRQHandler
                0x0000000008000b00                USART2_IRQHandler
                0x0000000008000b00                I2C2_ER_IRQHandler
                0x0000000008000b00                DMA2_Stream1_IRQHandler
                0x0000000008000b00                CAN1_SCE_IRQHandler
                0x0000000008000b00                FLASH_IRQHandler
                0x0000000008000b00                DMA2_Stream4_IRQHandler
                0x0000000008000b00                USART1_IRQHandler
                0x0000000008000b00                OTG_FS_IRQHandler
                0x0000000008000b00                SPI3_IRQHandler
                0x0000000008000b00                DMA1_Stream4_IRQHandler
                0x0000000008000b00                I2C1_ER_IRQHandler
                0x0000000008000b00                DMA2_Stream6_IRQHandler
                0x0000000008000b00                DMA1_Stream3_IRQHandler
 *fill*         0x0000000008000b02        0x2 
 .text.HAL_Init
                0x0000000008000b04       0x44 Drivers/STM32F4xx_HAL_Driver/Src/stm32f4xx_hal.o
                0x0000000008000b04                HAL_Init
 .text.HAL_IncTick
                0x0000000008000b48       0x28 Drivers/STM32F4xx_HAL_Driver/Src/stm32f4xx_hal.o
                0x0000000008000b48                HAL_IncTick
 .text.HAL_GetTick
                0x0000000008000b70       0x18 Drivers/STM32F4xx_HAL_Driver/Src/stm32f4xx_hal.o
                0x0000000008000b70                HAL_GetTick
 .text.__NVIC_SetPriorityGrouping
                0x0000000008000b88       0x48 Drivers/STM32F4xx_HAL_Driver/Src/stm32f4xx_hal_cortex.o
 .text.__NVIC_GetPriorityGrouping
                0x0000000008000bd0       0x1c Drivers/STM32F4xx_HAL_Driver/Src/stm32f4xx_hal_cortex.o
 .text.__NVIC_EnableIRQ
                0x0000000008000bec       0x3c Drivers/STM32F4xx_HAL_Driver/Src/stm32f4xx_hal_cortex.o
 .text.__NVIC_SetPriority
                0x0000000008000c28       0x54 Drivers/STM32F4xx_HAL_Driver/Src/stm32f4xx_hal_cortex.o
 .text.NVIC_EncodePriority
                0x0000000008000c7c       0x66 Drivers/STM32F4xx_HAL_Driver/Src/stm32f4xx_hal_cortex.o
 .text.HAL_NVIC_SetPriorityGrouping
                0x0000000008000ce2       0x16 Drivers/STM32F4xx_HAL_Driver/Src/stm32f4xx_hal_cortex.o
                0x0000000008000ce2                HAL_NVIC_SetPriorityGrouping
 .text.HAL_NVIC_SetPriority
                0x0000000008000cf8       0x38 Drivers/STM32F4xx_HAL_Driver/Src/stm32f4xx_hal_cortex.o
                0x0000000008000cf8                HAL_NVIC_SetPriority
 .text.HAL_NVIC_EnableIRQ
                0x0000000008000d30       0x1c Drivers/STM32F4xx_HAL_Driver/Src/stm32f4xx_hal_cortex.o
                0x0000000008000d30                HAL_NVIC_EnableIRQ
 .text.HAL_GPIO_Init
                0x0000000008000d4c      0x334 Drivers/STM32F4xx_HAL_Driver/Src/stm32f4xx_hal_gpio.o
                0x0000000008000d4c                HAL_GPIO_Init
 .text.HAL_GPIO_ReadPin
                0x0000000008001080       0x30 Drivers/STM32F4xx_HAL_Driver/Src/stm32f4xx_hal_gpio.o
                0x0000000008001080                HAL_GPIO_ReadPin
 .text.HAL_GPIO_WritePin
                0x00000000080010b0       0x32 Drivers/STM32F4xx_HAL_Driver/Src/stm32f4xx_hal_gpio.o
                0x00000000080010b0                HAL_GPIO_WritePin
 *fill*         0x00000000080010e2        0x2 
 .text.HAL_RCC_OscConfig
                0x00000000080010e4      0x4e0 Drivers/STM32F4xx_HAL_Driver/Src/stm32f4xx_hal_rcc.o
                0x00000000080010e4                HAL_RCC_OscConfig
 .text.HAL_RCC_ClockConfig
                0x00000000080015c4      0x1cc Drivers/STM32F4xx_HAL_Driver/Src/stm32f4xx_hal_rcc.o
                0x00000000080015c4                HAL_RCC_ClockConfig
 .text.HAL_RCC_GetSysClockFreq
                0x0000000008001790      0x164 Drivers/STM32F4xx_HAL_Driver/Src/stm32f4xx_hal_rcc.o
                0x0000000008001790                HAL_RCC_GetSysClockFreq
 .text.HAL_RCC_GetHCLKFreq
                0x00000000080018f4       0x18 Drivers/STM32F4xx_HAL_Driver/Src/stm32f4xx_hal_rcc.o
                0x00000000080018f4                HAL_RCC_GetHCLKFreq
 .text.HAL_RCC_GetPCLK1Freq
                0x000000000800190c       0x28 Drivers/STM32F4xx_HAL_Driver/Src/stm32f4xx_hal_rcc.o
                0x000000000800190c                HAL_RCC_GetPCLK1Freq
 .text.HAL_RCC_GetClockConfig
                0x0000000008001934       0x64 Drivers/STM32F4xx_HAL_Driver/Src/stm32f4xx_hal_rcc.o
                0x0000000008001934                HAL_RCC_GetClockConfig
 .text.HAL_TIM_Base_Init
                0x0000000008001998       0x56 Drivers/STM32F4xx_HAL_Driver/Src/stm32f4xx_hal_tim.o
                0x0000000008001998                HAL_TIM_Base_Init
 .text.HAL_TIM_Base_MspInit
                0x00000000080019ee       0x14 Drivers/STM32F4xx_HAL_Driver/Src/stm32f4xx_hal_tim.o
                0x00000000080019ee                HAL_TIM_Base_MspInit
 .text.HAL_TIM_Base_Start_IT
                0x0000000008001a02       0x48 Drivers/STM32F4xx_HAL_Driver/Src/stm32f4xx_hal_tim.o
                0x0000000008001a02                HAL_TIM_Base_Start_IT
 .text.HAL_TIM_IRQHandler
                0x0000000008001a4a      0x210 Drivers/STM32F4xx_HAL_Driver/Src/stm32f4xx_hal_tim.o
                0x0000000008001a4a                HAL_TIM_IRQHandler
 .text.HAL_TIM_OC_DelayElapsedCallback
                0x0000000008001c5a       0x14 Drivers/STM32F4xx_HAL_Driver/Src/stm32f4xx_hal_tim.o
                0x0000000008001c5a                HAL_TIM_OC_DelayElapsedCallback
 .text.HAL_TIM_IC_CaptureCallback
                0x0000000008001c6e       0x14 Drivers/STM32F4xx_HAL_Driver/Src/stm32f4xx_hal_tim.o
                0x0000000008001c6e                HAL_TIM_IC_CaptureCallback
 .text.HAL_TIM_PWM_PulseFinishedCallback
                0x0000000008001c82       0x14 Drivers/STM32F4xx_HAL_Driver/Src/stm32f4xx_hal_tim.o
                0x0000000008001c82                HAL_TIM_PWM_PulseFinishedCallback
 .text.HAL_TIM_TriggerCallback
                0x0000000008001c96       0x14 Drivers/STM32F4xx_HAL_Driver/Src/stm32f4xx_hal_tim.o
                0x0000000008001c96                HAL_TIM_TriggerCallback
 *fill*         0x0000000008001caa        0x2 
 .text.TIM_Base_SetConfig
                0x0000000008001cac      0x140 Drivers/STM32F4xx_HAL_Driver/Src/stm32f4xx_hal_tim.o
                0x0000000008001cac                TIM_Base_SetConfig
 .text.HAL_TIMEx_CommutCallback
                0x0000000008001dec       0x14 Drivers/STM32F4xx_HAL_Driver/Src/stm32f4xx_hal_tim_ex.o
                0x0000000008001dec                HAL_TIMEx_CommutCallback
 .text.HAL_TIMEx_BreakCallback
                0x0000000008001e00       0x14 Drivers/STM32F4xx_HAL_Driver/Src/stm32f4xx_hal_tim_ex.o
                0x0000000008001e00                HAL_TIMEx_BreakCallback
 .text.makeFreeRtosPriority
                0x0000000008001e14       0x30 Middlewares/Third_Party/FreeRTOS/Source/CMSIS_RTOS/cmsis_os.o
 .text.inHandlerMode
                0x0000000008001e44       0x24 Middlewares/Third_Party/FreeRTOS/Source/CMSIS_RTOS/cmsis_os.o
 .text.osKernelStart
                0x0000000008001e68        0xe Middlewares/Third_Party/FreeRTOS/Source/CMSIS_RTOS/cmsis_os.o
                0x0000000008001e68                osKernelStart
 .text.osThreadCreate
                0x0000000008001e76       0x98 Middlewares/Third_Party/FreeRTOS/Source/CMSIS_RTOS/cmsis_os.o
                0x0000000008001e76                osThreadCreate
 .text.osMessageCreate
                0x0000000008001f0e       0x52 Middlewares/Third_Party/FreeRTOS/Source/CMSIS_RTOS/cmsis_os.o
                0x0000000008001f0e                osMessageCreate
 .text.osMessagePut
                0x0000000008001f60       0x80 Middlewares/Third_Party/FreeRTOS/Source/CMSIS_RTOS/cmsis_os.o
                0x0000000008001f60                osMessagePut
 .text.osMessageGet
                0x0000000008001fe0       0xe8 Middlewares/Third_Party/FreeRTOS/Source/CMSIS_RTOS/cmsis_os.o
                0x0000000008001fe0                osMessageGet
 .text.vListInitialise
                0x00000000080020c8       0x40 Middlewares/Third_Party/FreeRTOS/Source/list.o
                0x00000000080020c8                vListInitialise
 .text.vListInitialiseItem
                0x0000000008002108       0x1a Middlewares/Third_Party/FreeRTOS/Source/list.o
                0x0000000008002108                vListInitialiseItem
 .text.vListInsertEnd
                0x0000000008002122       0x48 Middlewares/Third_Party/FreeRTOS/Source/list.o
                0x0000000008002122                vListInsertEnd
 .text.vListInsert
                0x000000000800216a       0x72 Middlewares/Third_Party/FreeRTOS/Source/list.o
                0x000000000800216a                vListInsert
 .text.uxListRemove
                0x00000000080021dc       0x54 Middlewares/Third_Party/FreeRTOS/Source/list.o
                0x00000000080021dc                uxListRemove
 .text.xQueueGenericReset
                0x0000000008002230       0xd0 Middlewares/Third_Party/FreeRTOS/Source/queue.o
                0x0000000008002230                xQueueGenericReset
 .text.xQueueGenericCreateStatic
                0x0000000008002300       0xe6 Middlewares/Third_Party/FreeRTOS/Source/queue.o
                0x0000000008002300                xQueueGenericCreateStatic
 .text.xQueueGenericCreate
                0x00000000080023e6       0x7e Middlewares/Third_Party/FreeRTOS/Source/queue.o
                0x00000000080023e6                xQueueGenericCreate
 .text.prvInitialiseNewQueue
                0x0000000008002464       0x3e Middlewares/Third_Party/FreeRTOS/Source/queue.o
 *fill*         0x00000000080024a2        0x2 
 .text.xQueueGenericSend
                0x00000000080024a4      0x1f4 Middlewares/Third_Party/FreeRTOS/Source/queue.o
                0x00000000080024a4                xQueueGenericSend
 .text.xQueueGenericSendFromISR
                0x0000000008002698      0x128 Middlewares/Third_Party/FreeRTOS/Source/queue.o
                0x0000000008002698                xQueueGenericSendFromISR
 .text.xQueueReceive
                0x00000000080027c0      0x1b8 Middlewares/Third_Party/FreeRTOS/Source/queue.o
                0x00000000080027c0                xQueueReceive
 .text.xQueueReceiveFromISR
                0x0000000008002978       0xfa Middlewares/Third_Party/FreeRTOS/Source/queue.o
                0x0000000008002978                xQueueReceiveFromISR
 .text.prvCopyDataToQueue
                0x0000000008002a72       0xd4 Middlewares/Third_Party/FreeRTOS/Source/queue.o
 .text.prvCopyDataFromQueue
                0x0000000008002b46       0x4c Middlewares/Third_Party/FreeRTOS/Source/queue.o
 .text.prvUnlockQueue
                0x0000000008002b92       0xa4 Middlewares/Third_Party/FreeRTOS/Source/queue.o
 .text.prvIsQueueEmpty
                0x0000000008002c36       0x2c Middlewares/Third_Party/FreeRTOS/Source/queue.o
 .text.prvIsQueueFull
                0x0000000008002c62       0x30 Middlewares/Third_Party/FreeRTOS/Source/queue.o
 .text.xTaskCreateStatic
                0x0000000008002c92       0xb4 Middlewares/Third_Party/FreeRTOS/Source/tasks.o
                0x0000000008002c92                xTaskCreateStatic
 .text.xTaskCreate
                0x0000000008002d46       0x8a Middlewares/Third_Party/FreeRTOS/Source/tasks.o
                0x0000000008002d46                xTaskCreate
 .text.prvInitialiseNewTask
                0x0000000008002dd0      0x10c Middlewares/Third_Party/FreeRTOS/Source/tasks.o
 .text.prvAddNewTaskToReadyList
                0x0000000008002edc       0xd4 Middlewares/Third_Party/FreeRTOS/Source/tasks.o
 .text.vTaskStartScheduler
                0x0000000008002fb0       0xbc Middlewares/Third_Party/FreeRTOS/Source/tasks.o
                0x0000000008002fb0                vTaskStartScheduler
 .text.vTaskSuspendAll
                0x000000000800306c       0x1c Middlewares/Third_Party/FreeRTOS/Source/tasks.o
                0x000000000800306c                vTaskSuspendAll
 .text.xTaskResumeAll
                0x0000000008003088      0x138 Middlewares/Third_Party/FreeRTOS/Source/tasks.o
                0x0000000008003088                xTaskResumeAll
 .text.xTaskIncrementTick
                0x00000000080031c0      0x170 Middlewares/Third_Party/FreeRTOS/Source/tasks.o
                0x00000000080031c0                xTaskIncrementTick
 .text.vTaskSwitchContext
                0x0000000008003330       0xb4 Middlewares/Third_Party/FreeRTOS/Source/tasks.o
                0x0000000008003330                vTaskSwitchContext
 .text.vTaskPlaceOnEventList
                0x00000000080033e4       0x48 Middlewares/Third_Party/FreeRTOS/Source/tasks.o
                0x00000000080033e4                vTaskPlaceOnEventList
 .text.xTaskRemoveFromEventList
                0x000000000800342c       0xc4 Middlewares/Third_Party/FreeRTOS/Source/tasks.o
                0x000000000800342c                xTaskRemoveFromEventList
 .text.vTaskInternalSetTimeOutState
                0x00000000080034f0       0x2c Middlewares/Third_Party/FreeRTOS/Source/tasks.o
                0x00000000080034f0                vTaskInternalSetTimeOutState
 .text.xTaskCheckForTimeOut
                0x000000000800351c       0xc0 Middlewares/Third_Party/FreeRTOS/Source/tasks.o
                0x000000000800351c                xTaskCheckForTimeOut
 .text.vTaskMissedYield
                0x00000000080035dc       0x18 Middlewares/Third_Party/FreeRTOS/Source/tasks.o
                0x00000000080035dc                vTaskMissedYield
 .text.prvIdleTask
                0x00000000080035f4       0x30 Middlewares/Third_Party/FreeRTOS/Source/tasks.o
 .text.prvInitialiseTaskLists
                0x0000000008003624       0x80 Middlewares/Third_Party/FreeRTOS/Source/tasks.o
 .text.prvCheckTasksWaitingTermination
                0x00000000080036a4       0x58 Middlewares/Third_Party/FreeRTOS/Source/tasks.o
 .text.prvDeleteTCB
                0x00000000080036fc       0x5c Middlewares/Third_Party/FreeRTOS/Source/tasks.o
 .text.prvResetNextTaskUnblockTime
                0x0000000008003758       0x40 Middlewares/Third_Party/FreeRTOS/Source/tasks.o
 .text.xTaskGetSchedulerState
                0x0000000008003798       0x3c Middlewares/Third_Party/FreeRTOS/Source/tasks.o
                0x0000000008003798                xTaskGetSchedulerState
 .text.xTaskPriorityDisinherit
                0x00000000080037d4      0x108 Middlewares/Third_Party/FreeRTOS/Source/tasks.o
                0x00000000080037d4                xTaskPriorityDisinherit
 .text.prvAddCurrentTaskToDelayedList
                0x00000000080038dc       0xcc Middlewares/Third_Party/FreeRTOS/Source/tasks.o
 .text.pxPortInitialiseStack
                0x00000000080039a8       0x68 Middlewares/Third_Party/FreeRTOS/Source/portable/GCC/ARM_CM4F/port.o
                0x00000000080039a8                pxPortInitialiseStack
 .text.prvTaskExitError
                0x0000000008003a10       0x54 Middlewares/Third_Party/FreeRTOS/Source/portable/GCC/ARM_CM4F/port.o
 *fill*         0x0000000008003a64        0xc 
 .text.SVC_Handler
                0x0000000008003a70       0x28 Middlewares/Third_Party/FreeRTOS/Source/portable/GCC/ARM_CM4F/port.o
                0x0000000008003a70                SVC_Handler
 .text.prvPortStartFirstTask
                0x0000000008003a98       0x28 Middlewares/Third_Party/FreeRTOS/Source/portable/GCC/ARM_CM4F/port.o
 .text.xPortStartScheduler
                0x0000000008003ac0      0x13c Middlewares/Third_Party/FreeRTOS/Source/portable/GCC/ARM_CM4F/port.o
                0x0000000008003ac0                xPortStartScheduler
 .text.vPortEnterCritical
                0x0000000008003bfc       0x5c Middlewares/Third_Party/FreeRTOS/Source/portable/GCC/ARM_CM4F/port.o
                0x0000000008003bfc                vPortEnterCritical
 .text.vPortExitCritical
                0x0000000008003c58       0x50 Middlewares/Third_Party/FreeRTOS/Source/portable/GCC/ARM_CM4F/port.o
                0x0000000008003c58                vPortExitCritical
 *fill*         0x0000000008003ca8        0x8 
 .text.PendSV_Handler
                0x0000000008003cb0       0x68 Middlewares/Third_Party/FreeRTOS/Source/portable/GCC/ARM_CM4F/port.o
                0x0000000008003cb0                PendSV_Handler
 .text.SysTick_Handler
                0x0000000008003d18       0x40 Middlewares/Third_Party/FreeRTOS/Source/portable/GCC/ARM_CM4F/port.o
                0x0000000008003d18                SysTick_Handler
 .text.vPortSetupTimerInterrupt
                0x0000000008003d58       0x48 Middlewares/Third_Party/FreeRTOS/Source/portable/GCC/ARM_CM4F/port.o
                0x0000000008003d58                vPortSetupTimerInterrupt
 .text.vPortEnableVFP
                0x0000000008003da0       0x14 Middlewares/Third_Party/FreeRTOS/Source/portable/GCC/ARM_CM4F/port.o
 .text.vPortValidateInterruptPriority
                0x0000000008003db4       0x7c Middlewares/Third_Party/FreeRTOS/Source/portable/GCC/ARM_CM4F/port.o
                0x0000000008003db4                vPortValidateInterruptPriority
 .text.pvPortMalloc
                0x0000000008003e30      0x184 Middlewares/Third_Party/FreeRTOS/Source/portable/MemMang/heap_4.o
                0x0000000008003e30                pvPortMalloc
 .text.vPortFree
                0x0000000008003fb4       0xb0 Middlewares/Third_Party/FreeRTOS/Source/portable/MemMang/heap_4.o
                0x0000000008003fb4                vPortFree
 .text.prvHeapInit
                0x0000000008004064       0xc4 Middlewares/Third_Party/FreeRTOS/Source/portable/MemMang/heap_4.o
 .text.prvInsertBlockIntoFreeList
                0x0000000008004128       0xb4 Middlewares/Third_Party/FreeRTOS/Source/portable/MemMang/heap_4.o
 .text.__libc_init_array
                0x00000000080041dc       0x48 /opt/st/stm32cubeide_1.5.1/plugins/com.st.stm32cube.ide.mcu.externaltools.gnu-tools-for-stm32.7-2018-q2-update.linux64_1.5.0.202011040924/tools/bin/../lib/gcc/arm-none-eabi/7.3.1/../../../../arm-none-eabi/lib/thumb/v7e-m/fpv4-sp/hard/libc_nano.a(lib_a-init.o)
                0x00000000080041dc                __libc_init_array
 .text.memcpy   0x0000000008004224       0x16 /opt/st/stm32cubeide_1.5.1/plugins/com.st.stm32cube.ide.mcu.externaltools.gnu-tools-for-stm32.7-2018-q2-update.linux64_1.5.0.202011040924/tools/bin/../lib/gcc/arm-none-eabi/7.3.1/../../../../arm-none-eabi/lib/thumb/v7e-m/fpv4-sp/hard/libc_nano.a(lib_a-memcpy-stub.o)
                0x0000000008004224                memcpy
 .text.memset   0x000000000800423a       0x10 /opt/st/stm32cubeide_1.5.1/plugins/com.st.stm32cube.ide.mcu.externaltools.gnu-tools-for-stm32.7-2018-q2-update.linux64_1.5.0.202011040924/tools/bin/../lib/gcc/arm-none-eabi/7.3.1/../../../../arm-none-eabi/lib/thumb/v7e-m/fpv4-sp/hard/libc_nano.a(lib_a-memset.o)
                0x000000000800423a                memset
 *(.glue_7)
 .glue_7        0x000000000800424a        0x0 linker stubs
 *(.glue_7t)
 .glue_7t       0x000000000800424a        0x0 linker stubs
 *(.eh_frame)
 *fill*         0x000000000800424a        0x2 
 .eh_frame      0x000000000800424c        0x0 /opt/st/stm32cubeide_1.5.1/plugins/com.st.stm32cube.ide.mcu.externaltools.gnu-tools-for-stm32.7-2018-q2-update.linux64_1.5.0.202011040924/tools/bin/../lib/gcc/arm-none-eabi/7.3.1/thumb/v7e-m/fpv4-sp/hard/crtbegin.o
 *(.init)
 .init          0x000000000800424c        0x4 /opt/st/stm32cubeide_1.5.1/plugins/com.st.stm32cube.ide.mcu.externaltools.gnu-tools-for-stm32.7-2018-q2-update.linux64_1.5.0.202011040924/tools/bin/../lib/gcc/arm-none-eabi/7.3.1/thumb/v7e-m/fpv4-sp/hard/crti.o
                0x000000000800424c                _init
 .init          0x0000000008004250        0x8 /opt/st/stm32cubeide_1.5.1/plugins/com.st.stm32cube.ide.mcu.externaltools.gnu-tools-for-stm32.7-2018-q2-update.linux64_1.5.0.202011040924/tools/bin/../lib/gcc/arm-none-eabi/7.3.1/thumb/v7e-m/fpv4-sp/hard/crtn.o
 *(.fini)
 .fini          0x0000000008004258        0x4 /opt/st/stm32cubeide_1.5.1/plugins/com.st.stm32cube.ide.mcu.externaltools.gnu-tools-for-stm32.7-2018-q2-update.linux64_1.5.0.202011040924/tools/bin/../lib/gcc/arm-none-eabi/7.3.1/thumb/v7e-m/fpv4-sp/hard/crti.o
                0x0000000008004258                _fini
 .fini          0x000000000800425c        0x8 /opt/st/stm32cubeide_1.5.1/plugins/com.st.stm32cube.ide.mcu.externaltools.gnu-tools-for-stm32.7-2018-q2-update.linux64_1.5.0.202011040924/tools/bin/../lib/gcc/arm-none-eabi/7.3.1/thumb/v7e-m/fpv4-sp/hard/crtn.o
                0x0000000008004264                . = ALIGN (0x4)
                0x0000000008004264                _etext = .

.vfp11_veneer   0x0000000008004264        0x0
 .vfp11_veneer  0x0000000008004264        0x0 linker stubs

.v4_bx          0x0000000008004264        0x0
 .v4_bx         0x0000000008004264        0x0 linker stubs

.iplt           0x0000000008004264        0x0
 .iplt          0x0000000008004264        0x0 /opt/st/stm32cubeide_1.5.1/plugins/com.st.stm32cube.ide.mcu.externaltools.gnu-tools-for-stm32.7-2018-q2-update.linux64_1.5.0.202011040924/tools/bin/../lib/gcc/arm-none-eabi/7.3.1/thumb/v7e-m/fpv4-sp/hard/crtbegin.o

.rodata         0x0000000008004264       0x7c
                0x0000000008004264                . = ALIGN (0x4)
 *(.rodata)
 .rodata        0x0000000008004264       0x5c Core/Src/main.o
 .rodata        0x00000000080042c0        0x5 Middlewares/Third_Party/FreeRTOS/Source/tasks.o
 *(.rodata*)
 *fill*         0x00000000080042c5        0x3 
 .rodata.AHBPrescTable
                0x00000000080042c8       0x10 Core/Src/system_stm32f4xx.o
                0x00000000080042c8                AHBPrescTable
 .rodata.APBPrescTable
                0x00000000080042d8        0x8 Core/Src/system_stm32f4xx.o
                0x00000000080042d8                APBPrescTable
                0x00000000080042e0                . = ALIGN (0x4)

.ARM.extab      0x00000000080042e0        0x0
                0x00000000080042e0                . = ALIGN (0x4)
 *(.ARM.extab* .gnu.linkonce.armextab.*)
                0x00000000080042e0                . = ALIGN (0x4)

.ARM            0x00000000080042e0        0x8
                0x00000000080042e0                . = ALIGN (0x4)
                0x00000000080042e0                __exidx_start = .
 *(.ARM.exidx*)
 .ARM.exidx     0x00000000080042e0        0x8 /opt/st/stm32cubeide_1.5.1/plugins/com.st.stm32cube.ide.mcu.externaltools.gnu-tools-for-stm32.7-2018-q2-update.linux64_1.5.0.202011040924/tools/bin/../lib/gcc/arm-none-eabi/7.3.1/thumb/v7e-m/fpv4-sp/hard/libgcc.a(_udivmoddi4.o)
                0x00000000080042e8                __exidx_end = .
                0x00000000080042e8                . = ALIGN (0x4)

.rel.dyn        0x00000000080042e8        0x0
 .rel.iplt      0x00000000080042e8        0x0 /opt/st/stm32cubeide_1.5.1/plugins/com.st.stm32cube.ide.mcu.externaltools.gnu-tools-for-stm32.7-2018-q2-update.linux64_1.5.0.202011040924/tools/bin/../lib/gcc/arm-none-eabi/7.3.1/thumb/v7e-m/fpv4-sp/hard/crtbegin.o

.preinit_array  0x00000000080042e8        0x0
                0x00000000080042e8                . = ALIGN (0x4)
                0x00000000080042e8                PROVIDE (__preinit_array_start = .)
 *(.preinit_array*)
                0x00000000080042e8                PROVIDE (__preinit_array_end = .)
                0x00000000080042e8                . = ALIGN (0x4)

.init_array     0x00000000080042e8        0x4
                0x00000000080042e8                . = ALIGN (0x4)
                0x00000000080042e8                PROVIDE (__init_array_start = .)
 *(SORT_BY_NAME(.init_array.*))
 *(.init_array*)
 .init_array    0x00000000080042e8        0x4 /opt/st/stm32cubeide_1.5.1/plugins/com.st.stm32cube.ide.mcu.externaltools.gnu-tools-for-stm32.7-2018-q2-update.linux64_1.5.0.202011040924/tools/bin/../lib/gcc/arm-none-eabi/7.3.1/thumb/v7e-m/fpv4-sp/hard/crtbegin.o
                0x00000000080042ec                PROVIDE (__init_array_end = .)
                0x00000000080042ec                . = ALIGN (0x4)

.fini_array     0x00000000080042ec        0x4
                0x00000000080042ec                . = ALIGN (0x4)
                [!provide]                        PROVIDE (__fini_array_start = .)
 *(SORT_BY_NAME(.fini_array.*))
 *(.fini_array*)
 .fini_array    0x00000000080042ec        0x4 /opt/st/stm32cubeide_1.5.1/plugins/com.st.stm32cube.ide.mcu.externaltools.gnu-tools-for-stm32.7-2018-q2-update.linux64_1.5.0.202011040924/tools/bin/../lib/gcc/arm-none-eabi/7.3.1/thumb/v7e-m/fpv4-sp/hard/crtbegin.o
                [!provide]                        PROVIDE (__fini_array_end = .)
                0x00000000080042f0                . = ALIGN (0x4)
                0x00000000080042f0                _sidata = LOADADDR (.data)

.data           0x0000000020000000       0x10 load address 0x00000000080042f0
                0x0000000020000000                . = ALIGN (0x4)
                0x0000000020000000                _sdata = .
 *(.data)
 *(.data*)
 .data.SystemCoreClock
                0x0000000020000000        0x4 Core/Src/system_stm32f4xx.o
                0x0000000020000000                SystemCoreClock
 .data.uwTickPrio
                0x0000000020000004        0x4 Drivers/STM32F4xx_HAL_Driver/Src/stm32f4xx_hal.o
                0x0000000020000004                uwTickPrio
 .data.uwTickFreq
                0x0000000020000008        0x1 Drivers/STM32F4xx_HAL_Driver/Src/stm32f4xx_hal.o
                0x0000000020000008                uwTickFreq
 *fill*         0x0000000020000009        0x3 
 .data.uxCriticalNesting
                0x000000002000000c        0x4 Middlewares/Third_Party/FreeRTOS/Source/portable/GCC/ARM_CM4F/port.o
 *(.RamFunc)
 *(.RamFunc*)
                0x0000000020000010                . = ALIGN (0x4)
                0x0000000020000010                _edata = .

.igot.plt       0x0000000020000010        0x0 load address 0x0000000008004300
 .igot.plt      0x0000000020000010        0x0 /opt/st/stm32cubeide_1.5.1/plugins/com.st.stm32cube.ide.mcu.externaltools.gnu-tools-for-stm32.7-2018-q2-update.linux64_1.5.0.202011040924/tools/bin/../lib/gcc/arm-none-eabi/7.3.1/thumb/v7e-m/fpv4-sp/hard/crtbegin.o
                0x0000000020000010                . = ALIGN (0x4)

.bss            0x0000000020000010      0x9e8 load address 0x0000000008004300
                0x0000000020000010                _sbss = .
                0x0000000020000010                __bss_start__ = _sbss
 *(.bss)
 .bss           0x0000000020000010       0x1c /opt/st/stm32cubeide_1.5.1/plugins/com.st.stm32cube.ide.mcu.externaltools.gnu-tools-for-stm32.7-2018-q2-update.linux64_1.5.0.202011040924/tools/bin/../lib/gcc/arm-none-eabi/7.3.1/thumb/v7e-m/fpv4-sp/hard/crtbegin.o
 *(.bss*)
 .bss.xIdleTaskTCBBuffer
                0x000000002000002c       0x54 Core/Src/freertos.o
 .bss.xIdleStack
                0x0000000020000080      0x200 Core/Src/freertos.o
 .bss.pxCurrentTCB
                0x0000000020000280        0x4 Middlewares/Third_Party/FreeRTOS/Source/tasks.o
                0x0000000020000280                pxCurrentTCB
 .bss.pxReadyTasksLists
                0x0000000020000284       0x8c Middlewares/Third_Party/FreeRTOS/Source/tasks.o
 .bss.xDelayedTaskList1
                0x0000000020000310       0x14 Middlewares/Third_Party/FreeRTOS/Source/tasks.o
 .bss.xDelayedTaskList2
                0x0000000020000324       0x14 Middlewares/Third_Party/FreeRTOS/Source/tasks.o
 .bss.pxDelayedTaskList
                0x0000000020000338        0x4 Middlewares/Third_Party/FreeRTOS/Source/tasks.o
 .bss.pxOverflowDelayedTaskList
                0x000000002000033c        0x4 Middlewares/Third_Party/FreeRTOS/Source/tasks.o
 .bss.xPendingReadyList
                0x0000000020000340       0x14 Middlewares/Third_Party/FreeRTOS/Source/tasks.o
 .bss.xTasksWaitingTermination
                0x0000000020000354       0x14 Middlewares/Third_Party/FreeRTOS/Source/tasks.o
 .bss.uxDeletedTasksWaitingCleanUp
                0x0000000020000368        0x4 Middlewares/Third_Party/FreeRTOS/Source/tasks.o
 .bss.xSuspendedTaskList
                0x000000002000036c       0x14 Middlewares/Third_Party/FreeRTOS/Source/tasks.o
 .bss.uxCurrentNumberOfTasks
                0x0000000020000380        0x4 Middlewares/Third_Party/FreeRTOS/Source/tasks.o
 .bss.xTickCount
                0x0000000020000384        0x4 Middlewares/Third_Party/FreeRTOS/Source/tasks.o
 .bss.uxTopReadyPriority
                0x0000000020000388        0x4 Middlewares/Third_Party/FreeRTOS/Source/tasks.o
 .bss.xSchedulerRunning
                0x000000002000038c        0x4 Middlewares/Third_Party/FreeRTOS/Source/tasks.o
 .bss.uxPendedTicks
                0x0000000020000390        0x4 Middlewares/Third_Party/FreeRTOS/Source/tasks.o
 .bss.xYieldPending
                0x0000000020000394        0x4 Middlewares/Third_Party/FreeRTOS/Source/tasks.o
 .bss.xNumOfOverflows
                0x0000000020000398        0x4 Middlewares/Third_Party/FreeRTOS/Source/tasks.o
 .bss.uxTaskNumber
                0x000000002000039c        0x4 Middlewares/Third_Party/FreeRTOS/Source/tasks.o
 .bss.xNextTaskUnblockTime
                0x00000000200003a0        0x4 Middlewares/Third_Party/FreeRTOS/Source/tasks.o
 .bss.xIdleTaskHandle
                0x00000000200003a4        0x4 Middlewares/Third_Party/FreeRTOS/Source/tasks.o
 .bss.uxSchedulerSuspended
                0x00000000200003a8        0x4 Middlewares/Third_Party/FreeRTOS/Source/tasks.o
 .bss.ucMaxSysCallPriority
                0x00000000200003ac        0x1 Middlewares/Third_Party/FreeRTOS/Source/portable/GCC/ARM_CM4F/port.o
 *fill*         0x00000000200003ad        0x3 
 .bss.ulMaxPRIGROUPValue
                0x00000000200003b0        0x4 Middlewares/Third_Party/FreeRTOS/Source/portable/GCC/ARM_CM4F/port.o
 .bss.ucHeap    0x00000000200003b4      0x5dc Middlewares/Third_Party/FreeRTOS/Source/portable/MemMang/heap_4.o
 .bss.xStart    0x0000000020000990        0x8 Middlewares/Third_Party/FreeRTOS/Source/portable/MemMang/heap_4.o
 .bss.pxEnd     0x0000000020000998        0x4 Middlewares/Third_Party/FreeRTOS/Source/portable/MemMang/heap_4.o
 .bss.xFreeBytesRemaining
                0x000000002000099c        0x4 Middlewares/Third_Party/FreeRTOS/Source/portable/MemMang/heap_4.o
 .bss.xMinimumEverFreeBytesRemaining
                0x00000000200009a0        0x4 Middlewares/Third_Party/FreeRTOS/Source/portable/MemMang/heap_4.o
 .bss.xBlockAllocatedBit
                0x00000000200009a4        0x4 Middlewares/Third_Party/FreeRTOS/Source/portable/MemMang/heap_4.o
 *(COMMON)
 COMMON         0x00000000200009a8        0xc Core/Src/main.o
                0x00000000200009a8                LEDTaskHandle
                0x00000000200009ac                LBtnTaskHandle
                0x00000000200009b0                myQueue01Handle
 COMMON         0x00000000200009b4       0x40 Core/Src/stm32f4xx_hal_timebase_tim.o
                0x00000000200009b4                htim6
 COMMON         0x00000000200009f4        0x4 Drivers/STM32F4xx_HAL_Driver/Src/stm32f4xx_hal.o
                0x00000000200009f4                uwTick
                0x00000000200009f8                . = ALIGN (0x4)
                0x00000000200009f8                _ebss = .
                0x00000000200009f8                __bss_end__ = _ebss

._user_heap_stack
                0x00000000200009f8      0x600 load address 0x0000000008004300
                0x00000000200009f8                . = ALIGN (0x8)
                [!provide]                        PROVIDE (end = .)
                0x00000000200009f8                PROVIDE (_end = .)
                0x0000000020000bf8                . = (. + _Min_Heap_Size)
 *fill*         0x00000000200009f8      0x200 
                0x0000000020000ff8                . = (. + _Min_Stack_Size)
 *fill*         0x0000000020000bf8      0x400 
                0x0000000020000ff8                . = ALIGN (0x8)

/DISCARD/
 libc.a(*)
 libm.a(*)
 libgcc.a(*)

.ARM.attributes
                0x0000000000000000       0x30
 *(.ARM.attributes)
 .ARM.attributes
                0x0000000000000000       0x22 /opt/st/stm32cubeide_1.5.1/plugins/com.st.stm32cube.ide.mcu.externaltools.gnu-tools-for-stm32.7-2018-q2-update.linux64_1.5.0.202011040924/tools/bin/../lib/gcc/arm-none-eabi/7.3.1/thumb/v7e-m/fpv4-sp/hard/crti.o
 .ARM.attributes
                0x0000000000000022       0x34 /opt/st/stm32cubeide_1.5.1/plugins/com.st.stm32cube.ide.mcu.externaltools.gnu-tools-for-stm32.7-2018-q2-update.linux64_1.5.0.202011040924/tools/bin/../lib/gcc/arm-none-eabi/7.3.1/thumb/v7e-m/fpv4-sp/hard/crtbegin.o
 .ARM.attributes
                0x0000000000000056       0x39 Core/Src/freertos.o
 .ARM.attributes
                0x000000000000008f       0x39 Core/Src/main.o
 .ARM.attributes
                0x00000000000000c8       0x39 Core/Src/stm32f4xx_hal_msp.o
 .ARM.attributes
                0x0000000000000101       0x39 Core/Src/stm32f4xx_hal_timebase_tim.o
 .ARM.attributes
                0x000000000000013a       0x39 Core/Src/stm32f4xx_it.o
 .ARM.attributes
                0x0000000000000173       0x39 Core/Src/system_stm32f4xx.o
 .ARM.attributes
                0x00000000000001ac       0x21 Core/Startup/startup_stm32f407vgtx.o
 .ARM.attributes
                0x00000000000001cd       0x39 Drivers/STM32F4xx_HAL_Driver/Src/stm32f4xx_hal.o
 .ARM.attributes
                0x0000000000000206       0x39 Drivers/STM32F4xx_HAL_Driver/Src/stm32f4xx_hal_cortex.o
 .ARM.attributes
                0x000000000000023f       0x39 Drivers/STM32F4xx_HAL_Driver/Src/stm32f4xx_hal_gpio.o
 .ARM.attributes
                0x0000000000000278       0x39 Drivers/STM32F4xx_HAL_Driver/Src/stm32f4xx_hal_rcc.o
 .ARM.attributes
                0x00000000000002b1       0x39 Drivers/STM32F4xx_HAL_Driver/Src/stm32f4xx_hal_tim.o
 .ARM.attributes
                0x00000000000002ea       0x39 Drivers/STM32F4xx_HAL_Driver/Src/stm32f4xx_hal_tim_ex.o
 .ARM.attributes
                0x0000000000000323       0x39 Middlewares/Third_Party/FreeRTOS/Source/CMSIS_RTOS/cmsis_os.o
 .ARM.attributes
                0x000000000000035c       0x39 Middlewares/Third_Party/FreeRTOS/Source/list.o
 .ARM.attributes
                0x0000000000000395       0x39 Middlewares/Third_Party/FreeRTOS/Source/queue.o
 .ARM.attributes
                0x00000000000003ce       0x39 Middlewares/Third_Party/FreeRTOS/Source/tasks.o
 .ARM.attributes
                0x0000000000000407       0x39 Middlewares/Third_Party/FreeRTOS/Source/portable/GCC/ARM_CM4F/port.o
 .ARM.attributes
                0x0000000000000440       0x39 Middlewares/Third_Party/FreeRTOS/Source/portable/MemMang/heap_4.o
 .ARM.attributes
                0x0000000000000479       0x34 /opt/st/stm32cubeide_1.5.1/plugins/com.st.stm32cube.ide.mcu.externaltools.gnu-tools-for-stm32.7-2018-q2-update.linux64_1.5.0.202011040924/tools/bin/../lib/gcc/arm-none-eabi/7.3.1/../../../../arm-none-eabi/lib/thumb/v7e-m/fpv4-sp/hard/libc_nano.a(lib_a-init.o)
 .ARM.attributes
                0x00000000000004ad       0x34 /opt/st/stm32cubeide_1.5.1/plugins/com.st.stm32cube.ide.mcu.externaltools.gnu-tools-for-stm32.7-2018-q2-update.linux64_1.5.0.202011040924/tools/bin/../lib/gcc/arm-none-eabi/7.3.1/../../../../arm-none-eabi/lib/thumb/v7e-m/fpv4-sp/hard/libc_nano.a(lib_a-memcpy-stub.o)
 .ARM.attributes
                0x00000000000004e1       0x34 /opt/st/stm32cubeide_1.5.1/plugins/com.st.stm32cube.ide.mcu.externaltools.gnu-tools-for-stm32.7-2018-q2-update.linux64_1.5.0.202011040924/tools/bin/../lib/gcc/arm-none-eabi/7.3.1/../../../../arm-none-eabi/lib/thumb/v7e-m/fpv4-sp/hard/libc_nano.a(lib_a-memset.o)
 .ARM.attributes
                0x0000000000000515       0x22 /opt/st/stm32cubeide_1.5.1/plugins/com.st.stm32cube.ide.mcu.externaltools.gnu-tools-for-stm32.7-2018-q2-update.linux64_1.5.0.202011040924/tools/bin/../lib/gcc/arm-none-eabi/7.3.1/thumb/v7e-m/fpv4-sp/hard/libgcc.a(_aeabi_uldivmod.o)
 .ARM.attributes
                0x0000000000000537       0x34 /opt/st/stm32cubeide_1.5.1/plugins/com.st.stm32cube.ide.mcu.externaltools.gnu-tools-for-stm32.7-2018-q2-update.linux64_1.5.0.202011040924/tools/bin/../lib/gcc/arm-none-eabi/7.3.1/thumb/v7e-m/fpv4-sp/hard/libgcc.a(_udivmoddi4.o)
 .ARM.attributes
                0x000000000000056b       0x22 /opt/st/stm32cubeide_1.5.1/plugins/com.st.stm32cube.ide.mcu.externaltools.gnu-tools-for-stm32.7-2018-q2-update.linux64_1.5.0.202011040924/tools/bin/../lib/gcc/arm-none-eabi/7.3.1/thumb/v7e-m/fpv4-sp/hard/libgcc.a(_dvmd_tls.o)
 .ARM.attributes
                0x000000000000058d       0x22 /opt/st/stm32cubeide_1.5.1/plugins/com.st.stm32cube.ide.mcu.externaltools.gnu-tools-for-stm32.7-2018-q2-update.linux64_1.5.0.202011040924/tools/bin/../lib/gcc/arm-none-eabi/7.3.1/thumb/v7e-m/fpv4-sp/hard/crtn.o
OUTPUT(LED1.elf elf32-littlearm)

.debug_info     0x0000000000000000    0x10f15
 .debug_info    0x0000000000000000      0x344 Core/Src/freertos.o
 .debug_info    0x0000000000000344     0x11fe Core/Src/main.o
 .debug_info    0x0000000000001542      0x586 Core/Src/stm32f4xx_hal_msp.o
 .debug_info    0x0000000000001ac8      0xb2d Core/Src/stm32f4xx_hal_timebase_tim.o
 .debug_info    0x00000000000025f5      0x6b8 Core/Src/stm32f4xx_it.o
 .debug_info    0x0000000000002cad      0x554 Core/Src/system_stm32f4xx.o
 .debug_info    0x0000000000003201       0x22 Core/Startup/startup_stm32f407vgtx.o
 .debug_info    0x0000000000003223      0x945 Drivers/STM32F4xx_HAL_Driver/Src/stm32f4xx_hal.o
 .debug_info    0x0000000000003b68      0xe28 Drivers/STM32F4xx_HAL_Driver/Src/stm32f4xx_hal_cortex.o
 .debug_info    0x0000000000004990      0x7b5 Drivers/STM32F4xx_HAL_Driver/Src/stm32f4xx_hal_gpio.o
 .debug_info    0x0000000000005145      0x904 Drivers/STM32F4xx_HAL_Driver/Src/stm32f4xx_hal_rcc.o
 .debug_info    0x0000000000005a49     0x24a9 Drivers/STM32F4xx_HAL_Driver/Src/stm32f4xx_hal_tim.o
 .debug_info    0x0000000000007ef2     0x1157 Drivers/STM32F4xx_HAL_Driver/Src/stm32f4xx_hal_tim_ex.o
 .debug_info    0x0000000000009049     0x1e7e Middlewares/Third_Party/FreeRTOS/Source/CMSIS_RTOS/cmsis_os.o
 .debug_info    0x000000000000aec7      0xacb Middlewares/Third_Party/FreeRTOS/Source/list.o
 .debug_info    0x000000000000b992     0x1fd2 Middlewares/Third_Party/FreeRTOS/Source/queue.o
 .debug_info    0x000000000000d964     0x2494 Middlewares/Third_Party/FreeRTOS/Source/tasks.o
 .debug_info    0x000000000000fdf8      0x533 Middlewares/Third_Party/FreeRTOS/Source/portable/GCC/ARM_CM4F/port.o
 .debug_info    0x000000000001032b      0xbea Middlewares/Third_Party/FreeRTOS/Source/portable/MemMang/heap_4.o

.debug_abbrev   0x0000000000000000     0x266f
 .debug_abbrev  0x0000000000000000      0x109 Core/Src/freertos.o
 .debug_abbrev  0x0000000000000109      0x29f Core/Src/main.o
 .debug_abbrev  0x00000000000003a8      0x112 Core/Src/stm32f4xx_hal_msp.o
 .debug_abbrev  0x00000000000004ba      0x19d Core/Src/stm32f4xx_hal_timebase_tim.o
 .debug_abbrev  0x0000000000000657      0x15a Core/Src/stm32f4xx_it.o
 .debug_abbrev  0x00000000000007b1      0x12b Core/Src/system_stm32f4xx.o
 .debug_abbrev  0x00000000000008dc       0x12 Core/Startup/startup_stm32f407vgtx.o
 .debug_abbrev  0x00000000000008ee      0x1c7 Drivers/STM32F4xx_HAL_Driver/Src/stm32f4xx_hal.o
 .debug_abbrev  0x0000000000000ab5      0x2fa Drivers/STM32F4xx_HAL_Driver/Src/stm32f4xx_hal_cortex.o
 .debug_abbrev  0x0000000000000daf      0x1c9 Drivers/STM32F4xx_HAL_Driver/Src/stm32f4xx_hal_gpio.o
 .debug_abbrev  0x0000000000000f78      0x245 Drivers/STM32F4xx_HAL_Driver/Src/stm32f4xx_hal_rcc.o
 .debug_abbrev  0x00000000000011bd      0x230 Drivers/STM32F4xx_HAL_Driver/Src/stm32f4xx_hal_tim.o
 .debug_abbrev  0x00000000000013ed      0x21e Drivers/STM32F4xx_HAL_Driver/Src/stm32f4xx_hal_tim_ex.o
 .debug_abbrev  0x000000000000160b      0x379 Middlewares/Third_Party/FreeRTOS/Source/CMSIS_RTOS/cmsis_os.o
 .debug_abbrev  0x0000000000001984      0x1cf Middlewares/Third_Party/FreeRTOS/Source/list.o
 .debug_abbrev  0x0000000000001b53      0x336 Middlewares/Third_Party/FreeRTOS/Source/queue.o
 .debug_abbrev  0x0000000000001e89      0x338 Middlewares/Third_Party/FreeRTOS/Source/tasks.o
 .debug_abbrev  0x00000000000021c1      0x210 Middlewares/Third_Party/FreeRTOS/Source/portable/GCC/ARM_CM4F/port.o
 .debug_abbrev  0x00000000000023d1      0x29e Middlewares/Third_Party/FreeRTOS/Source/portable/MemMang/heap_4.o

.debug_aranges  0x0000000000000000      0xed8
 .debug_aranges
                0x0000000000000000       0x20 Core/Src/freertos.o
 .debug_aranges
                0x0000000000000020       0x50 Core/Src/main.o
 .debug_aranges
                0x0000000000000070       0x20 Core/Src/stm32f4xx_hal_msp.o
 .debug_aranges
                0x0000000000000090       0x30 Core/Src/stm32f4xx_hal_timebase_tim.o
 .debug_aranges
                0x00000000000000c0       0x50 Core/Src/stm32f4xx_it.o
 .debug_aranges
                0x0000000000000110       0x28 Core/Src/system_stm32f4xx.o
 .debug_aranges
                0x0000000000000138       0x28 Core/Startup/startup_stm32f407vgtx.o
 .debug_aranges
                0x0000000000000160       0xf0 Drivers/STM32F4xx_HAL_Driver/Src/stm32f4xx_hal.o
 .debug_aranges
                0x0000000000000250      0x118 Drivers/STM32F4xx_HAL_Driver/Src/stm32f4xx_hal_cortex.o
 .debug_aranges
                0x0000000000000368       0x58 Drivers/STM32F4xx_HAL_Driver/Src/stm32f4xx_hal_gpio.o
 .debug_aranges
                0x00000000000003c0       0x88 Drivers/STM32F4xx_HAL_Driver/Src/stm32f4xx_hal_rcc.o
 .debug_aranges
                0x0000000000000448      0x3a8 Drivers/STM32F4xx_HAL_Driver/Src/stm32f4xx_hal_tim.o
 .debug_aranges
                0x00000000000007f0      0x150 Drivers/STM32F4xx_HAL_Driver/Src/stm32f4xx_hal_tim_ex.o
 .debug_aranges
                0x0000000000000940      0x1d8 Middlewares/Third_Party/FreeRTOS/Source/CMSIS_RTOS/cmsis_os.o
 .debug_aranges
                0x0000000000000b18       0x40 Middlewares/Third_Party/FreeRTOS/Source/list.o
 .debug_aranges
                0x0000000000000b58      0x108 Middlewares/Third_Party/FreeRTOS/Source/queue.o
 .debug_aranges
                0x0000000000000c60      0x1a8 Middlewares/Third_Party/FreeRTOS/Source/tasks.o
 .debug_aranges
                0x0000000000000e08       0x80 Middlewares/Third_Party/FreeRTOS/Source/portable/GCC/ARM_CM4F/port.o
 .debug_aranges
                0x0000000000000e88       0x50 Middlewares/Third_Party/FreeRTOS/Source/portable/MemMang/heap_4.o

.debug_ranges   0x0000000000000000      0xdb0
 .debug_ranges  0x0000000000000000       0x10 Core/Src/freertos.o
 .debug_ranges  0x0000000000000010       0x40 Core/Src/main.o
 .debug_ranges  0x0000000000000050       0x10 Core/Src/stm32f4xx_hal_msp.o
 .debug_ranges  0x0000000000000060       0x20 Core/Src/stm32f4xx_hal_timebase_tim.o
 .debug_ranges  0x0000000000000080       0x40 Core/Src/stm32f4xx_it.o
 .debug_ranges  0x00000000000000c0       0x18 Core/Src/system_stm32f4xx.o
 .debug_ranges  0x00000000000000d8       0x20 Core/Startup/startup_stm32f407vgtx.o
 .debug_ranges  0x00000000000000f8       0xe0 Drivers/STM32F4xx_HAL_Driver/Src/stm32f4xx_hal.o
 .debug_ranges  0x00000000000001d8      0x108 Drivers/STM32F4xx_HAL_Driver/Src/stm32f4xx_hal_cortex.o
 .debug_ranges  0x00000000000002e0       0x48 Drivers/STM32F4xx_HAL_Driver/Src/stm32f4xx_hal_gpio.o
 .debug_ranges  0x0000000000000328       0x78 Drivers/STM32F4xx_HAL_Driver/Src/stm32f4xx_hal_rcc.o
 .debug_ranges  0x00000000000003a0      0x398 Drivers/STM32F4xx_HAL_Driver/Src/stm32f4xx_hal_tim.o
 .debug_ranges  0x0000000000000738      0x140 Drivers/STM32F4xx_HAL_Driver/Src/stm32f4xx_hal_tim_ex.o
 .debug_ranges  0x0000000000000878      0x1c8 Middlewares/Third_Party/FreeRTOS/Source/CMSIS_RTOS/cmsis_os.o
 .debug_ranges  0x0000000000000a40       0x30 Middlewares/Third_Party/FreeRTOS/Source/list.o
 .debug_ranges  0x0000000000000a70       0xf8 Middlewares/Third_Party/FreeRTOS/Source/queue.o
 .debug_ranges  0x0000000000000b68      0x198 Middlewares/Third_Party/FreeRTOS/Source/tasks.o
 .debug_ranges  0x0000000000000d00       0x70 Middlewares/Third_Party/FreeRTOS/Source/portable/GCC/ARM_CM4F/port.o
 .debug_ranges  0x0000000000000d70       0x40 Middlewares/Third_Party/FreeRTOS/Source/portable/MemMang/heap_4.o

.debug_macro    0x0000000000000000    0x21820
 .debug_macro   0x0000000000000000      0x23b Core/Src/freertos.o
 .debug_macro   0x000000000000023b      0xa5a Core/Src/freertos.o
 .debug_macro   0x0000000000000c95      0x174 Core/Src/freertos.o
 .debug_macro   0x0000000000000e09       0x22 Core/Src/freertos.o
 .debug_macro   0x0000000000000e2b       0x8e Core/Src/freertos.o
 .debug_macro   0x0000000000000eb9       0x51 Core/Src/freertos.o
 .debug_macro   0x0000000000000f0a       0xef Core/Src/freertos.o
 .debug_macro   0x0000000000000ff9       0x6a Core/Src/freertos.o
 .debug_macro   0x0000000000001063      0x1df Core/Src/freertos.o
 .debug_macro   0x0000000000001242       0xea Core/Src/freertos.o
 .debug_macro   0x000000000000132c      0x15a Core/Src/freertos.o
 .debug_macro   0x0000000000001486       0xde Core/Src/freertos.o
 .debug_macro   0x0000000000001564       0x1c Core/Src/freertos.o
 .debug_macro   0x0000000000001580       0x26 Core/Src/freertos.o
 .debug_macro   0x00000000000015a6      0x4e8 Core/Src/freertos.o
 .debug_macro   0x0000000000001a8e       0xb5 Core/Src/freertos.o
 .debug_macro   0x0000000000001b43       0xaa Core/Src/freertos.o
 .debug_macro   0x0000000000001bed      0x28e Core/Src/freertos.o
 .debug_macro   0x0000000000001e7b       0x2e Core/Src/freertos.o
 .debug_macro   0x0000000000001ea9       0x2f Core/Src/freertos.o
 .debug_macro   0x0000000000001ed8       0x1c Core/Src/freertos.o
 .debug_macro   0x0000000000001ef4       0x22 Core/Src/freertos.o
 .debug_macro   0x0000000000001f16       0xdf Core/Src/freertos.o
 .debug_macro   0x0000000000001ff5     0x102d Core/Src/freertos.o
 .debug_macro   0x0000000000003022      0x11f Core/Src/freertos.o
 .debug_macro   0x0000000000003141    0x15e3c Core/Src/freertos.o
 .debug_macro   0x0000000000018f7d       0x43 Core/Src/freertos.o
 .debug_macro   0x0000000000018fc0     0x3659 Core/Src/freertos.o
 .debug_macro   0x000000000001c619       0x5a Core/Src/freertos.o
 .debug_macro   0x000000000001c673      0x96b Core/Src/freertos.o
 .debug_macro   0x000000000001cfde      0x9fe Core/Src/freertos.o
 .debug_macro   0x000000000001d9dc      0x117 Core/Src/freertos.o
 .debug_macro   0x000000000001daf3      0x13e Core/Src/freertos.o
 .debug_macro   0x000000000001dc31       0x27 Core/Src/freertos.o
 .debug_macro   0x000000000001dc58      0x174 Core/Src/freertos.o
 .debug_macro   0x000000000001ddcc      0x287 Core/Src/freertos.o
 .debug_macro   0x000000000001e053       0x5f Core/Src/freertos.o
 .debug_macro   0x000000000001e0b2      0x236 Core/Src/freertos.o
 .debug_macro   0x000000000001e2e8      0x12c Core/Src/freertos.o
 .debug_macro   0x000000000001e414      0x21e Core/Src/freertos.o
 .debug_macro   0x000000000001e632       0x2e Core/Src/freertos.o
 .debug_macro   0x000000000001e660      0x11a Core/Src/freertos.o
 .debug_macro   0x000000000001e77a       0x7e Core/Src/freertos.o
 .debug_macro   0x000000000001e7f8       0x89 Core/Src/freertos.o
 .debug_macro   0x000000000001e881      0x8a0 Core/Src/freertos.o
 .debug_macro   0x000000000001f121       0x47 Core/Src/freertos.o
 .debug_macro   0x000000000001f168      0x12d Core/Src/freertos.o
 .debug_macro   0x000000000001f295       0x28 Core/Src/freertos.o
 .debug_macro   0x000000000001f2bd      0x286 Core/Src/main.o
 .debug_macro   0x000000000001f543       0xea Core/Src/main.o
 .debug_macro   0x000000000001f62d       0x91 Core/Src/main.o
 .debug_macro   0x000000000001f6be       0x8d Core/Src/main.o
 .debug_macro   0x000000000001f74b       0x7e Core/Src/main.o
 .debug_macro   0x000000000001f7c9       0x19 Core/Src/main.o
 .debug_macro   0x000000000001f7e2       0xf2 Core/Src/main.o
 .debug_macro   0x000000000001f8d4      0x1d3 Core/Src/stm32f4xx_hal_msp.o
 .debug_macro   0x000000000001faa7      0x1c4 Core/Src/stm32f4xx_hal_timebase_tim.o
 .debug_macro   0x000000000001fc6b      0x1dd Core/Src/stm32f4xx_it.o
 .debug_macro   0x000000000001fe48      0x1ca Core/Src/system_stm32f4xx.o
 .debug_macro   0x0000000000020012      0x224 Drivers/STM32F4xx_HAL_Driver/Src/stm32f4xx_hal.o
 .debug_macro   0x0000000000020236      0x1c4 Drivers/STM32F4xx_HAL_Driver/Src/stm32f4xx_hal_cortex.o
 .debug_macro   0x00000000000203fa      0x1fa Drivers/STM32F4xx_HAL_Driver/Src/stm32f4xx_hal_gpio.o
 .debug_macro   0x00000000000205f4      0x1e8 Drivers/STM32F4xx_HAL_Driver/Src/stm32f4xx_hal_rcc.o
 .debug_macro   0x00000000000207dc      0x1c5 Drivers/STM32F4xx_HAL_Driver/Src/stm32f4xx_hal_tim.o
 .debug_macro   0x00000000000209a1      0x1c4 Drivers/STM32F4xx_HAL_Driver/Src/stm32f4xx_hal_tim_ex.o
 .debug_macro   0x0000000000020b65      0x1f1 Middlewares/Third_Party/FreeRTOS/Source/CMSIS_RTOS/cmsis_os.o
 .debug_macro   0x0000000000020d56       0x10 Middlewares/Third_Party/FreeRTOS/Source/CMSIS_RTOS/cmsis_os.o
 .debug_macro   0x0000000000020d66       0x20 Middlewares/Third_Party/FreeRTOS/Source/CMSIS_RTOS/cmsis_os.o
 .debug_macro   0x0000000000020d86       0xc7 Middlewares/Third_Party/FreeRTOS/Source/CMSIS_RTOS/cmsis_os.o
 .debug_macro   0x0000000000020e4d      0x17a Middlewares/Third_Party/FreeRTOS/Source/list.o
 .debug_macro   0x0000000000020fc7      0x209 Middlewares/Third_Party/FreeRTOS/Source/queue.o
 .debug_macro   0x00000000000211d0       0x16 Middlewares/Third_Party/FreeRTOS/Source/queue.o
 .debug_macro   0x00000000000211e6       0x87 Middlewares/Third_Party/FreeRTOS/Source/queue.o
 .debug_macro   0x000000000002126d      0x26c Middlewares/Third_Party/FreeRTOS/Source/tasks.o
 .debug_macro   0x00000000000214d9       0x10 Middlewares/Third_Party/FreeRTOS/Source/tasks.o
 .debug_macro   0x00000000000214e9      0x196 Middlewares/Third_Party/FreeRTOS/Source/portable/GCC/ARM_CM4F/port.o
 .debug_macro   0x000000000002167f      0x1a1 Middlewares/Third_Party/FreeRTOS/Source/portable/MemMang/heap_4.o

.debug_line     0x0000000000000000     0xb5ce
 .debug_line    0x0000000000000000      0x77f Core/Src/freertos.o
 .debug_line    0x000000000000077f      0x8f5 Core/Src/main.o
 .debug_line    0x0000000000001074      0x686 Core/Src/stm32f4xx_hal_msp.o
 .debug_line    0x00000000000016fa      0x6b9 Core/Src/stm32f4xx_hal_timebase_tim.o
 .debug_line    0x0000000000001db3      0x70b Core/Src/stm32f4xx_it.o
 .debug_line    0x00000000000024be      0x6a0 Core/Src/system_stm32f4xx.o
 .debug_line    0x0000000000002b5e       0x85 Core/Startup/startup_stm32f407vgtx.o
 .debug_line    0x0000000000002be3      0x88a Drivers/STM32F4xx_HAL_Driver/Src/stm32f4xx_hal.o
 .debug_line    0x000000000000346d      0x9ae Drivers/STM32F4xx_HAL_Driver/Src/stm32f4xx_hal_cortex.o
 .debug_line    0x0000000000003e1b      0x869 Drivers/STM32F4xx_HAL_Driver/Src/stm32f4xx_hal_gpio.o
 .debug_line    0x0000000000004684      0x8e2 Drivers/STM32F4xx_HAL_Driver/Src/stm32f4xx_hal_rcc.o
 .debug_line    0x0000000000004f66     0x1903 Drivers/STM32F4xx_HAL_Driver/Src/stm32f4xx_hal_tim.o
 .debug_line    0x0000000000006869      0xca0 Drivers/STM32F4xx_HAL_Driver/Src/stm32f4xx_hal_tim_ex.o
 .debug_line    0x0000000000007509      0xc93 Middlewares/Third_Party/FreeRTOS/Source/CMSIS_RTOS/cmsis_os.o
 .debug_line    0x000000000000819c      0x63f Middlewares/Third_Party/FreeRTOS/Source/list.o
 .debug_line    0x00000000000087db      0xf49 Middlewares/Third_Party/FreeRTOS/Source/queue.o
 .debug_line    0x0000000000009724     0x1106 Middlewares/Third_Party/FreeRTOS/Source/tasks.o
 .debug_line    0x000000000000a82a      0x67f Middlewares/Third_Party/FreeRTOS/Source/portable/GCC/ARM_CM4F/port.o
 .debug_line    0x000000000000aea9      0x725 Middlewares/Third_Party/FreeRTOS/Source/portable/MemMang/heap_4.o

.debug_str      0x0000000000000000    0xcf08c
 .debug_str     0x0000000000000000    0xc41dd Core/Src/freertos.o
                                      0xc4493 (size before relaxing)
 .debug_str     0x00000000000c41dd     0x2cac Core/Src/main.o
                                      0xc7160 (size before relaxing)
 .debug_str     0x00000000000c6e89      0x4fd Core/Src/stm32f4xx_hal_msp.o
                                      0xc0c10 (size before relaxing)
 .debug_str     0x00000000000c7386       0xaa Core/Src/stm32f4xx_hal_timebase_tim.o
                                      0xc1084 (size before relaxing)
 .debug_str     0x00000000000c7430       0xa6 Core/Src/stm32f4xx_it.o
                                      0xc0abe (size before relaxing)
 .debug_str     0x00000000000c74d6       0xc4 Core/Src/system_stm32f4xx.o
                                      0xc070e (size before relaxing)
 .debug_str     0x00000000000c759a       0x36 Core/Startup/startup_stm32f407vgtx.o
                                         0x6e (size before relaxing)
 .debug_str     0x00000000000c75d0      0x542 Drivers/STM32F4xx_HAL_Driver/Src/stm32f4xx_hal.o
                                      0xc11db (size before relaxing)
 .debug_str     0x00000000000c7b12      0x389 Drivers/STM32F4xx_HAL_Driver/Src/stm32f4xx_hal_cortex.o
                                      0xc0fca (size before relaxing)
 .debug_str     0x00000000000c7e9b      0x20c Drivers/STM32F4xx_HAL_Driver/Src/stm32f4xx_hal_gpio.o
                                      0xc094d (size before relaxing)
 .debug_str     0x00000000000c80a7      0x24f Drivers/STM32F4xx_HAL_Driver/Src/stm32f4xx_hal_rcc.o
                                      0xc0afb (size before relaxing)
 .debug_str     0x00000000000c82f6      0xd6f Drivers/STM32F4xx_HAL_Driver/Src/stm32f4xx_hal_tim.o
                                      0xc181a (size before relaxing)
 .debug_str     0x00000000000c9065      0x4ec Drivers/STM32F4xx_HAL_Driver/Src/stm32f4xx_hal_tim_ex.o
                                      0xc101a (size before relaxing)
 .debug_str     0x00000000000c9551     0x35af Middlewares/Third_Party/FreeRTOS/Source/CMSIS_RTOS/cmsis_os.o
                                       0xe135 (size before relaxing)
 .debug_str     0x00000000000ccb00      0x219 Middlewares/Third_Party/FreeRTOS/Source/list.o
                                       0xa767 (size before relaxing)
 .debug_str     0x00000000000ccd19      0x7fc Middlewares/Third_Party/FreeRTOS/Source/queue.o
                                       0xbf53 (size before relaxing)
 .debug_str     0x00000000000cd515     0x111a Middlewares/Third_Party/FreeRTOS/Source/tasks.o
                                       0xc988 (size before relaxing)
 .debug_str     0x00000000000ce62f      0x803 Middlewares/Third_Party/FreeRTOS/Source/portable/GCC/ARM_CM4F/port.o
                                       0x8530 (size before relaxing)
 .debug_str     0x00000000000cee32      0x25a Middlewares/Third_Party/FreeRTOS/Source/portable/MemMang/heap_4.o
                                       0xaf5a (size before relaxing)

.comment        0x0000000000000000       0x7b
 .comment       0x0000000000000000       0x7b Core/Src/freertos.o
                                         0x7c (size before relaxing)
 .comment       0x000000000000007b       0x7c Core/Src/main.o
 .comment       0x000000000000007b       0x7c Core/Src/stm32f4xx_hal_msp.o
 .comment       0x000000000000007b       0x7c Core/Src/stm32f4xx_hal_timebase_tim.o
 .comment       0x000000000000007b       0x7c Core/Src/stm32f4xx_it.o
 .comment       0x000000000000007b       0x7c Core/Src/system_stm32f4xx.o
 .comment       0x000000000000007b       0x7c Drivers/STM32F4xx_HAL_Driver/Src/stm32f4xx_hal.o
 .comment       0x000000000000007b       0x7c Drivers/STM32F4xx_HAL_Driver/Src/stm32f4xx_hal_cortex.o
 .comment       0x000000000000007b       0x7c Drivers/STM32F4xx_HAL_Driver/Src/stm32f4xx_hal_gpio.o
 .comment       0x000000000000007b       0x7c Drivers/STM32F4xx_HAL_Driver/Src/stm32f4xx_hal_rcc.o
 .comment       0x000000000000007b       0x7c Drivers/STM32F4xx_HAL_Driver/Src/stm32f4xx_hal_tim.o
 .comment       0x000000000000007b       0x7c Drivers/STM32F4xx_HAL_Driver/Src/stm32f4xx_hal_tim_ex.o
 .comment       0x000000000000007b       0x7c Middlewares/Third_Party/FreeRTOS/Source/CMSIS_RTOS/cmsis_os.o
 .comment       0x000000000000007b       0x7c Middlewares/Third_Party/FreeRTOS/Source/list.o
 .comment       0x000000000000007b       0x7c Middlewares/Third_Party/FreeRTOS/Source/queue.o
 .comment       0x000000000000007b       0x7c Middlewares/Third_Party/FreeRTOS/Source/tasks.o
 .comment       0x000000000000007b       0x7c Middlewares/Third_Party/FreeRTOS/Source/portable/GCC/ARM_CM4F/port.o
 .comment       0x000000000000007b       0x7c Middlewares/Third_Party/FreeRTOS/Source/portable/MemMang/heap_4.o

.debug_frame    0x0000000000000000     0x3cf4
 .debug_frame   0x0000000000000000       0x38 Core/Src/freertos.o
 .debug_frame   0x0000000000000038       0xf8 Core/Src/main.o
 .debug_frame   0x0000000000000130       0x34 Core/Src/stm32f4xx_hal_msp.o
 .debug_frame   0x0000000000000164       0x74 Core/Src/stm32f4xx_hal_timebase_tim.o
 .debug_frame   0x00000000000001d8       0xc4 Core/Src/stm32f4xx_it.o
 .debug_frame   0x000000000000029c       0x58 Core/Src/system_stm32f4xx.o
 .debug_frame   0x00000000000002f4      0x374 Drivers/STM32F4xx_HAL_Driver/Src/stm32f4xx_hal.o
 .debug_frame   0x0000000000000668      0x498 Drivers/STM32F4xx_HAL_Driver/Src/stm32f4xx_hal_cortex.o
 .debug_frame   0x0000000000000b00      0x14c Drivers/STM32F4xx_HAL_Driver/Src/stm32f4xx_hal_gpio.o
 .debug_frame   0x0000000000000c4c      0x1f0 Drivers/STM32F4xx_HAL_Driver/Src/stm32f4xx_hal_rcc.o
 .debug_frame   0x0000000000000e3c     0x10f0 Drivers/STM32F4xx_HAL_Driver/Src/stm32f4xx_hal_tim.o
 .debug_frame   0x0000000000001f2c      0x5c0 Drivers/STM32F4xx_HAL_Driver/Src/stm32f4xx_hal_tim_ex.o
 .debug_frame   0x00000000000024ec      0x80c Middlewares/Third_Party/FreeRTOS/Source/CMSIS_RTOS/cmsis_os.o
 .debug_frame   0x0000000000002cf8       0xd8 Middlewares/Third_Party/FreeRTOS/Source/list.o
 .debug_frame   0x0000000000002dd0      0x46c Middlewares/Third_Party/FreeRTOS/Source/queue.o
 .debug_frame   0x000000000000323c      0x734 Middlewares/Third_Party/FreeRTOS/Source/tasks.o
 .debug_frame   0x0000000000003970      0x1a8 Middlewares/Third_Party/FreeRTOS/Source/portable/GCC/ARM_CM4F/port.o
 .debug_frame   0x0000000000003b18      0x108 Middlewares/Third_Party/FreeRTOS/Source/portable/MemMang/heap_4.o
 .debug_frame   0x0000000000003c20       0x2c /opt/st/stm32cubeide_1.5.1/plugins/com.st.stm32cube.ide.mcu.externaltools.gnu-tools-for-stm32.7-2018-q2-update.linux64_1.5.0.202011040924/tools/bin/../lib/gcc/arm-none-eabi/7.3.1/../../../../arm-none-eabi/lib/thumb/v7e-m/fpv4-sp/hard/libc_nano.a(lib_a-init.o)
 .debug_frame   0x0000000000003c4c       0x28 /opt/st/stm32cubeide_1.5.1/plugins/com.st.stm32cube.ide.mcu.externaltools.gnu-tools-for-stm32.7-2018-q2-update.linux64_1.5.0.202011040924/tools/bin/../lib/gcc/arm-none-eabi/7.3.1/../../../../arm-none-eabi/lib/thumb/v7e-m/fpv4-sp/hard/libc_nano.a(lib_a-memcpy-stub.o)
 .debug_frame   0x0000000000003c74       0x20 /opt/st/stm32cubeide_1.5.1/plugins/com.st.stm32cube.ide.mcu.externaltools.gnu-tools-for-stm32.7-2018-q2-update.linux64_1.5.0.202011040924/tools/bin/../lib/gcc/arm-none-eabi/7.3.1/../../../../arm-none-eabi/lib/thumb/v7e-m/fpv4-sp/hard/libc_nano.a(lib_a-memset.o)
 .debug_frame   0x0000000000003c94       0x2c /opt/st/stm32cubeide_1.5.1/plugins/com.st.stm32cube.ide.mcu.externaltools.gnu-tools-for-stm32.7-2018-q2-update.linux64_1.5.0.202011040924/tools/bin/../lib/gcc/arm-none-eabi/7.3.1/thumb/v7e-m/fpv4-sp/hard/libgcc.a(_aeabi_uldivmod.o)
 .debug_frame   0x0000000000003cc0       0x34 /opt/st/stm32cubeide_1.5.1/plugins/com.st.stm32cube.ide.mcu.externaltools.gnu-tools-for-stm32.7-2018-q2-update.linux64_1.5.0.202011040924/tools/bin/../lib/gcc/arm-none-eabi/7.3.1/thumb/v7e-m/fpv4-sp/hard/libgcc.a(_udivmoddi4.o)
